admin/pages/departments/newsletter/DepartmentNewsletter.tsx(5,30): error TS2307: Cannot find module '../../../../components/admin/AdminFormSection' or its corresponding type declarations.
pages/departments/DeptAIDS.tsx(558,32): error TS2552: Cannot find name 'newsletters'. Did you mean 'newsletterPdfs'?
pages/departments/DeptAIDS.tsx(558,57): error TS2552: Cannot find name 'newsletters'. Did you mean 'newsletterPdfs'?
pages/departments/DeptAIDS.tsx(559,30): error TS2552: Cannot find name 'magazines'. Did you mean 'magazinePdfs'?
pages/departments/DeptAIDS.tsx(559,53): error TS2552: Cannot find name 'magazines'. Did you mean 'magazinePdfs'?
